Debian checklist
System Info
OS: Debian Lenny 5.0.4
Kernel: Linux mail 2.6.26-2-686 #1 SMP Wed May 12 21:56:10 UTC 2010 i686 GNU/Linux
Default user: administrator
Default pw: changeme

change admin and root passwords

$ cat /etc/passwd to see who else has an account. 
 
userdel userName
Add user(administrator) to sudo:
$ su
$ adduser administrator sudo
nano /etc/sudoers [ctrl k to copy and paste root line and change root to administrator]
$ exit

Update repos:
Open /etc/apt/sources.list
Remove or comment out old repos
Add new repos
	deb http://archive.debian.org/debian-archive/debian/ lenny main contrib non-free
	deb-src http://archive.debian.org/debian-archive/debian/ lenny main contrib non-free
	deb http://archive.debian.org/debian-security/ lenny/updates main contrib non-free
	deb-src http://archive.debian.org/debian-security/ lenny/updates main contrib non-free

Update
	sudo apt-get update
	sudo apt-get upgrade
	kernel stuff*
	sudo apt-get dist-upgrade

*apt-get install linux-image-2.6-flavor
find flavor with uname -r

4.6.1. Installing the kernel metapackage

When you dist-upgrade from lenny to squeeze, it is strongly recommended that you install a new linux-image-2.6-* metapackage. This package may be installed automatically by the dist-upgrade process. You can verify this by running:

# dpkg -l "linux-image*" | grep ^ii
If you do not see any output, then you will need to install a new linux-image package by hand. To see a list of available linux-image-2.6 metapackages, run:

# apt-cache search linux-image-2.6- | grep -v transition
If you are unsure about which package to select, run uname -r and look for a package with a similar name. For example, if you see '2.6.26-2-686', it is recommended that you install linux-image-2.6-686. You may also use apt-cache to see a long description of each package in order to help choose the best one available. For example:

# apt-cache show linux-image-2.6-686
You should then use apt-get install to install it. Once this new kernel is installed you should reboot at the next available opportunity to get the benefits provided by the new kernel version.


SERVICES
http://www.tldp.org/HOWTO/Security-Quickstart-HOWTO/services.html

iptables (25 for smtp; 53, 80, 443 for internet):
Set up iptables (TODO: need more rules for hardening):
iptables -F
iptables -X
iptables -A INPUT -p tcp -m tcp --sport 25 -j ACCEPT 
iptables -A INPUT -p tcp -m tcp --sport 53 -j ACCEPT 
iptables -A INPUT -p udp -m udp --sport 53 -j ACCEPT 
iptables -A INPUT -p tcp -m tcp --sport 80 -j ACCEPT 
iptables -A INPUT -p tcp -m tcp --sport 443 -j ACCEPT 
iptables -A INPUT -j DROP 
iptables -A OUTPUT -p tcp -m tcp --dport 25 -j ACCEPT 
iptables -A OUTPUT -p tcp -m tcp --dport 80 -j ACCEPT 
iptables -A OUTPUT -p tcp -m tcp --dport 443 -j ACCEPT 
iptables -A OUTPUT -p tcp -m tcp --dport 53 -j ACCEPT 
iptables -A OUTPUT -p udp -m udp --dport 53 -j ACCEPT 
iptables -A OUTPUT -j DROP
save it
$ iptables-save > /etc/firewall.conf
To apply the rules at boot, create a script file (/etc/network/if-up.d/iptables) with following:
#!/bin/sh
iptables-restore < /etc/firewall.conf
make it executable
$ chmod +x /etc/network/if-up.d/iptables
To restore:
$ iptables-restore < /etc/firewall.conf


To fix pubkey errors
apt-get install debian-keyring debian-archive-keyring

Stop and remove unnecessary services (TODO) - default lists available at Logs folder
To see the currently running services:
$ netstat -npl
To see the installed packages:
$ dpkg-query -l
To see the status of installed packages:
$ dpkg --get-selections
To stop running services:
$ service [name] stop
or
$ /etc/init.d/[name] stop
To remove
	$ apt-get remove [name]

Apply updates
apt-get update
apt-get upgrade

running:

saslauthd samba gdm exim4 dovecot

apt-get install firestarter curl

